---
source: crates/oxc_linter/src/tester.rs
expression: prefer_dom_node_dataset
---
  âš  eslint-plugin-unicorn(prefer-dom-node-dataset): Prefer using `dataset` over `setAttribute`
   â•­â”€[prefer_dom_node_dataset.tsx:1:1]
 1 â”‚ element.setAttribute('data-unicorn', 'ðŸ¦„');
   Â·                      â”€â”€â”€â”€â”€â”€â”€â”€â”€â”€â”€â”€â”€â”€
   â•°â”€â”€â”€â”€

  âš  eslint-plugin-unicorn(prefer-dom-node-dataset): Prefer using `dataset` over `setAttribute`
   â•­â”€[prefer_dom_node_dataset.tsx:1:1]
 1 â”‚ element.setAttribute('data-ðŸ¦„', 'ðŸ¦„');
   Â·                      â”€â”€â”€â”€â”€â”€â”€â”€â”€
   â•°â”€â”€â”€â”€

  âš  eslint-plugin-unicorn(prefer-dom-node-dataset): Prefer using `dataset` over `setAttribute`
   â•­â”€[prefer_dom_node_dataset.tsx:1:1]
 1 â”‚ element.setAttribute('data-ã‚†', 'ã‚†');
   Â·                      â”€â”€â”€â”€â”€â”€â”€â”€â”€
   â•°â”€â”€â”€â”€

  âš  eslint-plugin-unicorn(prefer-dom-node-dataset): Prefer using `dataset` over `setAttribute`
   â•­â”€[prefer_dom_node_dataset.tsx:1:1]
 1 â”‚ element.setAttribute('data-foo2', 'ðŸ¦„');
   Â·                      â”€â”€â”€â”€â”€â”€â”€â”€â”€â”€â”€
   â•°â”€â”€â”€â”€

  âš  eslint-plugin-unicorn(prefer-dom-node-dataset): Prefer using `dataset` over `setAttribute`
   â•­â”€[prefer_dom_node_dataset.tsx:1:1]
 1 â”‚ element.setAttribute('data-foo:bar', 'zaz');
   Â·                      â”€â”€â”€â”€â”€â”€â”€â”€â”€â”€â”€â”€â”€â”€
   â•°â”€â”€â”€â”€

  âš  eslint-plugin-unicorn(prefer-dom-node-dataset): Prefer using `dataset` over `setAttribute`
   â•­â”€[prefer_dom_node_dataset.tsx:1:1]
 1 â”‚ element.setAttribute("data-foo:bar", "zaz");
   Â·                      â”€â”€â”€â”€â”€â”€â”€â”€â”€â”€â”€â”€â”€â”€
   â•°â”€â”€â”€â”€

  âš  eslint-plugin-unicorn(prefer-dom-node-dataset): Prefer using `dataset` over `setAttribute`
   â•­â”€[prefer_dom_node_dataset.tsx:1:1]
 1 â”‚ element.setAttribute('data-foo.bar', 'zaz');
   Â·                      â”€â”€â”€â”€â”€â”€â”€â”€â”€â”€â”€â”€â”€â”€
   â•°â”€â”€â”€â”€

  âš  eslint-plugin-unicorn(prefer-dom-node-dataset): Prefer using `dataset` over `setAttribute`
   â•­â”€[prefer_dom_node_dataset.tsx:1:1]
 1 â”‚ element.setAttribute('data-foo-bar', 'zaz');
   Â·                      â”€â”€â”€â”€â”€â”€â”€â”€â”€â”€â”€â”€â”€â”€
   â•°â”€â”€â”€â”€

  âš  eslint-plugin-unicorn(prefer-dom-node-dataset): Prefer using `dataset` over `setAttribute`
   â•­â”€[prefer_dom_node_dataset.tsx:1:1]
 1 â”‚ element.setAttribute('data-foo', /* comment */ 'bar');
   Â·                      â”€â”€â”€â”€â”€â”€â”€â”€â”€â”€
   â•°â”€â”€â”€â”€

  âš  eslint-plugin-unicorn(prefer-dom-node-dataset): Prefer using `dataset` over `setAttribute`
   â•­â”€[prefer_dom_node_dataset.tsx:1:1]
 1 â”‚ element.querySelector('#selector').setAttribute('data-AllowAccess', true);
   Â·                                                 â”€â”€â”€â”€â”€â”€â”€â”€â”€â”€â”€â”€â”€â”€â”€â”€â”€â”€
   â•°â”€â”€â”€â”€

  âš  eslint-plugin-unicorn(prefer-dom-node-dataset): Prefer using `dataset` over `setAttribute`
   â•­â”€[prefer_dom_node_dataset.tsx:1:1]
 1 â”‚ element.setAttribute("data-", "ðŸ¦„");
   Â·                      â”€â”€â”€â”€â”€â”€â”€
   â•°â”€â”€â”€â”€

  âš  eslint-plugin-unicorn(prefer-dom-node-dataset): Prefer using `dataset` over `setAttribute`
   â•­â”€[prefer_dom_node_dataset.tsx:1:1]
 1 â”‚ element.setAttribute("data--foo", "ðŸ¦„");
   Â·                      â”€â”€â”€â”€â”€â”€â”€â”€â”€â”€â”€
   â•°â”€â”€â”€â”€

  âš  eslint-plugin-unicorn(prefer-dom-node-dataset): Prefer using `dataset` over `setAttribute`
   â•­â”€[prefer_dom_node_dataset.tsx:1:1]
 1 â”‚ element.setAttribute("DATA--FOO", "ðŸ¦„");
   Â·                      â”€â”€â”€â”€â”€â”€â”€â”€â”€â”€â”€
   â•°â”€â”€â”€â”€

  âš  eslint-plugin-unicorn(prefer-dom-node-dataset): Prefer using `dataset` over `setAttribute`
   â•­â”€[prefer_dom_node_dataset.tsx:1:1]
 1 â”‚ element.setAttribute("DATA- ", "ðŸ¦„");
   Â·                      â”€â”€â”€â”€â”€â”€â”€â”€
   â•°â”€â”€â”€â”€

  âš  eslint-plugin-unicorn(prefer-dom-node-dataset): Prefer using `dataset` over `setAttribute`
   â•­â”€[prefer_dom_node_dataset.tsx:1:1]
 1 â”‚ element.setAttribute("DATA-Foo-bar", "ðŸ¦„");
   Â·                      â”€â”€â”€â”€â”€â”€â”€â”€â”€â”€â”€â”€â”€â”€
   â•°â”€â”€â”€â”€

  âš  eslint-plugin-unicorn(prefer-dom-node-dataset): Prefer using `dataset` over `setAttribute`
   â•­â”€[prefer_dom_node_dataset.tsx:1:1]
 1 â”‚ optional?.element.setAttribute("data-unicorn", "ðŸ¦„");
   Â·                                â”€â”€â”€â”€â”€â”€â”€â”€â”€â”€â”€â”€â”€â”€
   â•°â”€â”€â”€â”€

  âš  eslint-plugin-unicorn(prefer-dom-node-dataset): Prefer using `dataset` over `setAttribute`
   â•­â”€[prefer_dom_node_dataset.tsx:1:1]
 1 â”‚ console.log(element.setAttribute("data-unicorn", "ðŸ¦„"))
   Â·                                  â”€â”€â”€â”€â”€â”€â”€â”€â”€â”€â”€â”€â”€â”€
   â•°â”€â”€â”€â”€

  âš  eslint-plugin-unicorn(prefer-dom-node-dataset): Prefer using `dataset` over `removeAttribute`
   â•­â”€[prefer_dom_node_dataset.tsx:1:1]
 1 â”‚ element.removeAttribute('data-unicorn');
   Â·                         â”€â”€â”€â”€â”€â”€â”€â”€â”€â”€â”€â”€â”€â”€
   â•°â”€â”€â”€â”€

  âš  eslint-plugin-unicorn(prefer-dom-node-dataset): Prefer using `dataset` over `removeAttribute`
   â•­â”€[prefer_dom_node_dataset.tsx:1:1]
 1 â”‚ element.removeAttribute("data-unicorn");
   Â·                         â”€â”€â”€â”€â”€â”€â”€â”€â”€â”€â”€â”€â”€â”€
   â•°â”€â”€â”€â”€

  âš  eslint-plugin-unicorn(prefer-dom-node-dataset): Prefer using `dataset` over `removeAttribute`
   â•­â”€[prefer_dom_node_dataset.tsx:1:1]
 1 â”‚ element.removeAttribute("data-unicorn",);
   Â·                         â”€â”€â”€â”€â”€â”€â”€â”€â”€â”€â”€â”€â”€â”€
   â•°â”€â”€â”€â”€

  âš  eslint-plugin-unicorn(prefer-dom-node-dataset): Prefer using `dataset` over `removeAttribute`
   â•­â”€[prefer_dom_node_dataset.tsx:1:1]
 1 â”‚ element.removeAttribute("data-ðŸ¦„");
   Â·                         â”€â”€â”€â”€â”€â”€â”€â”€â”€
   â•°â”€â”€â”€â”€

  âš  eslint-plugin-unicorn(prefer-dom-node-dataset): Prefer using `dataset` over `removeAttribute`
   â•­â”€[prefer_dom_node_dataset.tsx:1:1]
 1 â”‚ element.removeAttribute("data-ã‚†");
   Â·                         â”€â”€â”€â”€â”€â”€â”€â”€â”€
   â•°â”€â”€â”€â”€

  âš  eslint-plugin-unicorn(prefer-dom-node-dataset): Prefer using `dataset` over `removeAttribute`
   â•­â”€[prefer_dom_node_dataset.tsx:1:1]
 1 â”‚ element.removeAttribute("data-foo2");
   Â·                         â”€â”€â”€â”€â”€â”€â”€â”€â”€â”€â”€
   â•°â”€â”€â”€â”€

  âš  eslint-plugin-unicorn(prefer-dom-node-dataset): Prefer using `dataset` over `removeAttribute`
   â•­â”€[prefer_dom_node_dataset.tsx:1:1]
 1 â”‚ element.removeAttribute("data-foo:bar");
   Â·                         â”€â”€â”€â”€â”€â”€â”€â”€â”€â”€â”€â”€â”€â”€
   â•°â”€â”€â”€â”€

  âš  eslint-plugin-unicorn(prefer-dom-node-dataset): Prefer using `dataset` over `removeAttribute`
   â•­â”€[prefer_dom_node_dataset.tsx:1:1]
 1 â”‚ element.removeAttribute("data-foo:bar");
   Â·                         â”€â”€â”€â”€â”€â”€â”€â”€â”€â”€â”€â”€â”€â”€
   â•°â”€â”€â”€â”€

  âš  eslint-plugin-unicorn(prefer-dom-node-dataset): Prefer using `dataset` over `removeAttribute`
   â•­â”€[prefer_dom_node_dataset.tsx:1:1]
 1 â”‚ element.removeAttribute("data-foo.bar");
   Â·                         â”€â”€â”€â”€â”€â”€â”€â”€â”€â”€â”€â”€â”€â”€
   â•°â”€â”€â”€â”€

  âš  eslint-plugin-unicorn(prefer-dom-node-dataset): Prefer using `dataset` over `removeAttribute`
   â•­â”€[prefer_dom_node_dataset.tsx:1:1]
 1 â”‚ element.removeAttribute("data-foo-bar");
   Â·                         â”€â”€â”€â”€â”€â”€â”€â”€â”€â”€â”€â”€â”€â”€
   â•°â”€â”€â”€â”€

  âš  eslint-plugin-unicorn(prefer-dom-node-dataset): Prefer using `dataset` over `removeAttribute`
   â•­â”€[prefer_dom_node_dataset.tsx:1:1]
 1 â”‚ element.removeAttribute("data-foo");
   Â·                         â”€â”€â”€â”€â”€â”€â”€â”€â”€â”€
   â•°â”€â”€â”€â”€

  âš  eslint-plugin-unicorn(prefer-dom-node-dataset): Prefer using `dataset` over `removeAttribute`
   â•­â”€[prefer_dom_node_dataset.tsx:1:1]
 1 â”‚ element.querySelector("#selector").removeAttribute("data-AllowAccess");
   Â·                                                    â”€â”€â”€â”€â”€â”€â”€â”€â”€â”€â”€â”€â”€â”€â”€â”€â”€â”€
   â•°â”€â”€â”€â”€

  âš  eslint-plugin-unicorn(prefer-dom-node-dataset): Prefer using `dataset` over `removeAttribute`
   â•­â”€[prefer_dom_node_dataset.tsx:1:1]
 1 â”‚ element.removeAttribute("data-");
   Â·                         â”€â”€â”€â”€â”€â”€â”€
   â•°â”€â”€â”€â”€

  âš  eslint-plugin-unicorn(prefer-dom-node-dataset): Prefer using `dataset` over `removeAttribute`
   â•­â”€[prefer_dom_node_dataset.tsx:1:1]
 1 â”‚ optional?.element.removeAttribute("data-unicorn");
   Â·                                   â”€â”€â”€â”€â”€â”€â”€â”€â”€â”€â”€â”€â”€â”€
   â•°â”€â”€â”€â”€

  âš  eslint-plugin-unicorn(prefer-dom-node-dataset): Prefer using `dataset` over `removeAttribute`
   â•­â”€[prefer_dom_node_dataset.tsx:1:1]
 1 â”‚ element.removeAttribute("data-unicorn")?.property
   Â·                         â”€â”€â”€â”€â”€â”€â”€â”€â”€â”€â”€â”€â”€â”€
   â•°â”€â”€â”€â”€

  âš  eslint-plugin-unicorn(prefer-dom-node-dataset): Prefer using `dataset` over `hasAttribute`
   â•­â”€[prefer_dom_node_dataset.tsx:1:1]
 1 â”‚ element.hasAttribute('data-unicorn');
   Â·                      â”€â”€â”€â”€â”€â”€â”€â”€â”€â”€â”€â”€â”€â”€
   â•°â”€â”€â”€â”€

  âš  eslint-plugin-unicorn(prefer-dom-node-dataset): Prefer using `dataset` over `hasAttribute`
   â•­â”€[prefer_dom_node_dataset.tsx:1:1]
 1 â”‚ element.hasAttribute("data-unicorn");
   Â·                      â”€â”€â”€â”€â”€â”€â”€â”€â”€â”€â”€â”€â”€â”€
   â•°â”€â”€â”€â”€

  âš  eslint-plugin-unicorn(prefer-dom-node-dataset): Prefer using `dataset` over `hasAttribute`
   â•­â”€[prefer_dom_node_dataset.tsx:1:1]
 1 â”‚ element.hasAttribute("data-unicorn",);
   Â·                      â”€â”€â”€â”€â”€â”€â”€â”€â”€â”€â”€â”€â”€â”€
   â•°â”€â”€â”€â”€

  âš  eslint-plugin-unicorn(prefer-dom-node-dataset): Prefer using `dataset` over `hasAttribute`
   â•­â”€[prefer_dom_node_dataset.tsx:1:1]
 1 â”‚ element.hasAttribute("data-ðŸ¦„");
   Â·                      â”€â”€â”€â”€â”€â”€â”€â”€â”€
   â•°â”€â”€â”€â”€

  âš  eslint-plugin-unicorn(prefer-dom-node-dataset): Prefer using `dataset` over `hasAttribute`
   â•­â”€[prefer_dom_node_dataset.tsx:1:1]
 1 â”‚ element.hasAttribute("data-ã‚†");
   Â·                      â”€â”€â”€â”€â”€â”€â”€â”€â”€
   â•°â”€â”€â”€â”€

  âš  eslint-plugin-unicorn(prefer-dom-node-dataset): Prefer using `dataset` over `hasAttribute`
   â•­â”€[prefer_dom_node_dataset.tsx:1:1]
 1 â”‚ element.hasAttribute("data-foo2");
   Â·                      â”€â”€â”€â”€â”€â”€â”€â”€â”€â”€â”€
   â•°â”€â”€â”€â”€

  âš  eslint-plugin-unicorn(prefer-dom-node-dataset): Prefer using `dataset` over `hasAttribute`
   â•­â”€[prefer_dom_node_dataset.tsx:1:1]
 1 â”‚ element.hasAttribute("data-foo:bar");
   Â·                      â”€â”€â”€â”€â”€â”€â”€â”€â”€â”€â”€â”€â”€â”€
   â•°â”€â”€â”€â”€

  âš  eslint-plugin-unicorn(prefer-dom-node-dataset): Prefer using `dataset` over `hasAttribute`
   â•­â”€[prefer_dom_node_dataset.tsx:1:1]
 1 â”‚ element.hasAttribute("data-foo:bar");
   Â·                      â”€â”€â”€â”€â”€â”€â”€â”€â”€â”€â”€â”€â”€â”€
   â•°â”€â”€â”€â”€

  âš  eslint-plugin-unicorn(prefer-dom-node-dataset): Prefer using `dataset` over `hasAttribute`
   â•­â”€[prefer_dom_node_dataset.tsx:1:1]
 1 â”‚ element.hasAttribute("data-foo.bar");
   Â·                      â”€â”€â”€â”€â”€â”€â”€â”€â”€â”€â”€â”€â”€â”€
   â•°â”€â”€â”€â”€

  âš  eslint-plugin-unicorn(prefer-dom-node-dataset): Prefer using `dataset` over `hasAttribute`
   â•­â”€[prefer_dom_node_dataset.tsx:1:1]
 1 â”‚ element.hasAttribute("data-foo-bar");
   Â·                      â”€â”€â”€â”€â”€â”€â”€â”€â”€â”€â”€â”€â”€â”€
   â•°â”€â”€â”€â”€

  âš  eslint-plugin-unicorn(prefer-dom-node-dataset): Prefer using `dataset` over `hasAttribute`
   â•­â”€[prefer_dom_node_dataset.tsx:1:1]
 1 â”‚ element.hasAttribute("data-foo");
   Â·                      â”€â”€â”€â”€â”€â”€â”€â”€â”€â”€
   â•°â”€â”€â”€â”€

  âš  eslint-plugin-unicorn(prefer-dom-node-dataset): Prefer using `dataset` over `hasAttribute`
   â•­â”€[prefer_dom_node_dataset.tsx:1:1]
 1 â”‚ element.querySelector("#selector").hasAttribute("data-AllowAccess");
   Â·                                                 â”€â”€â”€â”€â”€â”€â”€â”€â”€â”€â”€â”€â”€â”€â”€â”€â”€â”€
   â•°â”€â”€â”€â”€

  âš  eslint-plugin-unicorn(prefer-dom-node-dataset): Prefer using `dataset` over `hasAttribute`
   â•­â”€[prefer_dom_node_dataset.tsx:1:1]
 1 â”‚ optional?.element.hasAttribute("data-unicorn");
   Â·                                â”€â”€â”€â”€â”€â”€â”€â”€â”€â”€â”€â”€â”€â”€
   â•°â”€â”€â”€â”€

  âš  eslint-plugin-unicorn(prefer-dom-node-dataset): Prefer using `dataset` over `hasAttribute`
   â•­â”€[prefer_dom_node_dataset.tsx:1:1]
 1 â”‚ element.hasAttribute("data-unicorn").toString()
   Â·                      â”€â”€â”€â”€â”€â”€â”€â”€â”€â”€â”€â”€â”€â”€
   â•°â”€â”€â”€â”€

  âš  eslint-plugin-unicorn(prefer-dom-node-dataset): Prefer using `dataset` over `getAttribute`
   â•­â”€[prefer_dom_node_dataset.tsx:1:1]
 1 â”‚ element.getAttribute('data-unicorn');
   Â·                      â”€â”€â”€â”€â”€â”€â”€â”€â”€â”€â”€â”€â”€â”€
   â•°â”€â”€â”€â”€

  âš  eslint-plugin-unicorn(prefer-dom-node-dataset): Prefer using `dataset` over `getAttribute`
   â•­â”€[prefer_dom_node_dataset.tsx:1:1]
 1 â”‚ element.getAttribute("data-unicorn");
   Â·                      â”€â”€â”€â”€â”€â”€â”€â”€â”€â”€â”€â”€â”€â”€
   â•°â”€â”€â”€â”€

  âš  eslint-plugin-unicorn(prefer-dom-node-dataset): Prefer using `dataset` over `getAttribute`
   â•­â”€[prefer_dom_node_dataset.tsx:1:1]
 1 â”‚ element.getAttribute("data-unicorn",);
   Â·                      â”€â”€â”€â”€â”€â”€â”€â”€â”€â”€â”€â”€â”€â”€
   â•°â”€â”€â”€â”€

  âš  eslint-plugin-unicorn(prefer-dom-node-dataset): Prefer using `dataset` over `getAttribute`
   â•­â”€[prefer_dom_node_dataset.tsx:1:1]
 1 â”‚ element.getAttribute("data-ðŸ¦„");
   Â·                      â”€â”€â”€â”€â”€â”€â”€â”€â”€
   â•°â”€â”€â”€â”€

  âš  eslint-plugin-unicorn(prefer-dom-node-dataset): Prefer using `dataset` over `getAttribute`
   â•­â”€[prefer_dom_node_dataset.tsx:1:1]
 1 â”‚ element.getAttribute("data-ã‚†");
   Â·                      â”€â”€â”€â”€â”€â”€â”€â”€â”€
   â•°â”€â”€â”€â”€

  âš  eslint-plugin-unicorn(prefer-dom-node-dataset): Prefer using `dataset` over `getAttribute`
   â•­â”€[prefer_dom_node_dataset.tsx:1:1]
 1 â”‚ element.getAttribute("data-foo2");
   Â·                      â”€â”€â”€â”€â”€â”€â”€â”€â”€â”€â”€
   â•°â”€â”€â”€â”€

  âš  eslint-plugin-unicorn(prefer-dom-node-dataset): Prefer using `dataset` over `getAttribute`
   â•­â”€[prefer_dom_node_dataset.tsx:1:1]
 1 â”‚ element.getAttribute("data-foo:bar");
   Â·                      â”€â”€â”€â”€â”€â”€â”€â”€â”€â”€â”€â”€â”€â”€
   â•°â”€â”€â”€â”€

  âš  eslint-plugin-unicorn(prefer-dom-node-dataset): Prefer using `dataset` over `getAttribute`
   â•­â”€[prefer_dom_node_dataset.tsx:1:1]
 1 â”‚ element.getAttribute("data-foo:bar");
   Â·                      â”€â”€â”€â”€â”€â”€â”€â”€â”€â”€â”€â”€â”€â”€
   â•°â”€â”€â”€â”€

  âš  eslint-plugin-unicorn(prefer-dom-node-dataset): Prefer using `dataset` over `getAttribute`
   â•­â”€[prefer_dom_node_dataset.tsx:1:1]
 1 â”‚ element.getAttribute("data-foo.bar");
   Â·                      â”€â”€â”€â”€â”€â”€â”€â”€â”€â”€â”€â”€â”€â”€
   â•°â”€â”€â”€â”€

  âš  eslint-plugin-unicorn(prefer-dom-node-dataset): Prefer using `dataset` over `getAttribute`
   â•­â”€[prefer_dom_node_dataset.tsx:1:1]
 1 â”‚ element.getAttribute("data-foo-bar");
   Â·                      â”€â”€â”€â”€â”€â”€â”€â”€â”€â”€â”€â”€â”€â”€
   â•°â”€â”€â”€â”€

  âš  eslint-plugin-unicorn(prefer-dom-node-dataset): Prefer using `dataset` over `getAttribute`
   â•­â”€[prefer_dom_node_dataset.tsx:1:1]
 1 â”‚ element.getAttribute("data-foo");
   Â·                      â”€â”€â”€â”€â”€â”€â”€â”€â”€â”€
   â•°â”€â”€â”€â”€

  âš  eslint-plugin-unicorn(prefer-dom-node-dataset): Prefer using `dataset` over `getAttribute`
   â•­â”€[prefer_dom_node_dataset.tsx:1:1]
 1 â”‚ element.querySelector("#selector").getAttribute("data-AllowAccess");
   Â·                                                 â”€â”€â”€â”€â”€â”€â”€â”€â”€â”€â”€â”€â”€â”€â”€â”€â”€â”€
   â•°â”€â”€â”€â”€

  âš  eslint-plugin-unicorn(prefer-dom-node-dataset): Prefer using `dataset` over `getAttribute`
   â•­â”€[prefer_dom_node_dataset.tsx:1:1]
 1 â”‚ optional?.element.getAttribute("data-unicorn");
   Â·                                â”€â”€â”€â”€â”€â”€â”€â”€â”€â”€â”€â”€â”€â”€
   â•°â”€â”€â”€â”€

  âš  eslint-plugin-unicorn(prefer-dom-node-dataset): Prefer using `dataset` over `getAttribute`
   â•­â”€[prefer_dom_node_dataset.tsx:1:1]
 1 â”‚ element.getAttribute("data-unicorn").toString()
   Â·                      â”€â”€â”€â”€â”€â”€â”€â”€â”€â”€â”€â”€â”€â”€
   â•°â”€â”€â”€â”€


