formatter_test262 Summary:
AST Parsed     : 45485/45485 (100.00%)
Positive Passed: 45485/45485 (100.00%)
